/Users/jcorrado/Documents/chapel_misc/chapel/test/studies/1brc/SKIPIF: line 26: wget: command not found
